Archive member included to satisfy reference by file (symbol)

C:/ST/STM32CubeIDE_1.18.1/STM32CubeIDE/plugins/com.st.stm32cube.ide.mcu.externaltools.gnu-tools-for-stm32.13.3.rel1.win32_1.0.0.202411081344/tools/bin/../lib/gcc/arm-none-eabi/13.3.1/../../../../arm-none-eabi/lib/thumb/v7e-m+fp/hard\libc_nano.a(libc_a-exit.o)
                              C:/ST/STM32CubeIDE_1.18.1/STM32CubeIDE/plugins/com.st.stm32cube.ide.mcu.externaltools.gnu-tools-for-stm32.13.3.rel1.win32_1.0.0.202411081344/tools/bin/../lib/gcc/arm-none-eabi/13.3.1/../../../../arm-none-eabi/lib/thumb/v7e-m+fp/hard/crt0.o (exit)
C:/ST/STM32CubeIDE_1.18.1/STM32CubeIDE/plugins/com.st.stm32cube.ide.mcu.externaltools.gnu-tools-for-stm32.13.3.rel1.win32_1.0.0.202411081344/tools/bin/../lib/gcc/arm-none-eabi/13.3.1/../../../../arm-none-eabi/lib/thumb/v7e-m+fp/hard\libc_nano.a(libc_a-findfp.o)
                              C:/ST/STM32CubeIDE_1.18.1/STM32CubeIDE/plugins/com.st.stm32cube.ide.mcu.externaltools.gnu-tools-for-stm32.13.3.rel1.win32_1.0.0.202411081344/tools/bin/../lib/gcc/arm-none-eabi/13.3.1/../../../../arm-none-eabi/lib/thumb/v7e-m+fp/hard\libc_nano.a(libc_a-exit.o) (__stdio_exit_handler)
C:/ST/STM32CubeIDE_1.18.1/STM32CubeIDE/plugins/com.st.stm32cube.ide.mcu.externaltools.gnu-tools-for-stm32.13.3.rel1.win32_1.0.0.202411081344/tools/bin/../lib/gcc/arm-none-eabi/13.3.1/../../../../arm-none-eabi/lib/thumb/v7e-m+fp/hard\libc_nano.a(libc_a-fwalk.o)
                              C:/ST/STM32CubeIDE_1.18.1/STM32CubeIDE/plugins/com.st.stm32cube.ide.mcu.externaltools.gnu-tools-for-stm32.13.3.rel1.win32_1.0.0.202411081344/tools/bin/../lib/gcc/arm-none-eabi/13.3.1/../../../../arm-none-eabi/lib/thumb/v7e-m+fp/hard\libc_nano.a(libc_a-findfp.o) (_fwalk_sglue)
C:/ST/STM32CubeIDE_1.18.1/STM32CubeIDE/plugins/com.st.stm32cube.ide.mcu.externaltools.gnu-tools-for-stm32.13.3.rel1.win32_1.0.0.202411081344/tools/bin/../lib/gcc/arm-none-eabi/13.3.1/../../../../arm-none-eabi/lib/thumb/v7e-m+fp/hard\libc_nano.a(libc_a-stdio.o)
                              C:/ST/STM32CubeIDE_1.18.1/STM32CubeIDE/plugins/com.st.stm32cube.ide.mcu.externaltools.gnu-tools-for-stm32.13.3.rel1.win32_1.0.0.202411081344/tools/bin/../lib/gcc/arm-none-eabi/13.3.1/../../../../arm-none-eabi/lib/thumb/v7e-m+fp/hard\libc_nano.a(libc_a-findfp.o) (__sread)
C:/ST/STM32CubeIDE_1.18.1/STM32CubeIDE/plugins/com.st.stm32cube.ide.mcu.externaltools.gnu-tools-for-stm32.13.3.rel1.win32_1.0.0.202411081344/tools/bin/../lib/gcc/arm-none-eabi/13.3.1/../../../../arm-none-eabi/lib/thumb/v7e-m+fp/hard\libc_nano.a(libc_a-memset.o)
                              C:/ST/STM32CubeIDE_1.18.1/STM32CubeIDE/plugins/com.st.stm32cube.ide.mcu.externaltools.gnu-tools-for-stm32.13.3.rel1.win32_1.0.0.202411081344/tools/bin/../lib/gcc/arm-none-eabi/13.3.1/../../../../arm-none-eabi/lib/thumb/v7e-m+fp/hard/crt0.o (memset)
C:/ST/STM32CubeIDE_1.18.1/STM32CubeIDE/plugins/com.st.stm32cube.ide.mcu.externaltools.gnu-tools-for-stm32.13.3.rel1.win32_1.0.0.202411081344/tools/bin/../lib/gcc/arm-none-eabi/13.3.1/../../../../arm-none-eabi/lib/thumb/v7e-m+fp/hard\libc_nano.a(libc_a-closer.o)
                              C:/ST/STM32CubeIDE_1.18.1/STM32CubeIDE/plugins/com.st.stm32cube.ide.mcu.externaltools.gnu-tools-for-stm32.13.3.rel1.win32_1.0.0.202411081344/tools/bin/../lib/gcc/arm-none-eabi/13.3.1/../../../../arm-none-eabi/lib/thumb/v7e-m+fp/hard\libc_nano.a(libc_a-stdio.o) (_close_r)
C:/ST/STM32CubeIDE_1.18.1/STM32CubeIDE/plugins/com.st.stm32cube.ide.mcu.externaltools.gnu-tools-for-stm32.13.3.rel1.win32_1.0.0.202411081344/tools/bin/../lib/gcc/arm-none-eabi/13.3.1/../../../../arm-none-eabi/lib/thumb/v7e-m+fp/hard\libc_nano.a(libc_a-reent.o)
                              C:/ST/STM32CubeIDE_1.18.1/STM32CubeIDE/plugins/com.st.stm32cube.ide.mcu.externaltools.gnu-tools-for-stm32.13.3.rel1.win32_1.0.0.202411081344/tools/bin/../lib/gcc/arm-none-eabi/13.3.1/../../../../arm-none-eabi/lib/thumb/v7e-m+fp/hard\libc_nano.a(libc_a-closer.o) (errno)
C:/ST/STM32CubeIDE_1.18.1/STM32CubeIDE/plugins/com.st.stm32cube.ide.mcu.externaltools.gnu-tools-for-stm32.13.3.rel1.win32_1.0.0.202411081344/tools/bin/../lib/gcc/arm-none-eabi/13.3.1/../../../../arm-none-eabi/lib/thumb/v7e-m+fp/hard\libc_nano.a(libc_a-impure.o)
                              C:/ST/STM32CubeIDE_1.18.1/STM32CubeIDE/plugins/com.st.stm32cube.ide.mcu.externaltools.gnu-tools-for-stm32.13.3.rel1.win32_1.0.0.202411081344/tools/bin/../lib/gcc/arm-none-eabi/13.3.1/../../../../arm-none-eabi/lib/thumb/v7e-m+fp/hard\libc_nano.a(libc_a-reent.o) (_impure_ptr)
C:/ST/STM32CubeIDE_1.18.1/STM32CubeIDE/plugins/com.st.stm32cube.ide.mcu.externaltools.gnu-tools-for-stm32.13.3.rel1.win32_1.0.0.202411081344/tools/bin/../lib/gcc/arm-none-eabi/13.3.1/../../../../arm-none-eabi/lib/thumb/v7e-m+fp/hard\libc_nano.a(libc_a-lseekr.o)
[...]
Memory Configuration

Name             Origin             Length             Attributes
RAM              0x20000000         0x00020000         xrw
FLASH            0x08000000         0x00080000         xr
*default*        0x00000000         0xffffffff

Linker script and memory map

LOAD C:/ST/STM32CubeIDE_1.18.1/STM32CubeIDE/plugins/com.st.stm32cube.ide.mcu.externaltools.gnu-tools-for-stm32.13.3.rel1.win32_1.0.0.202411081344/tools/bin/../lib/gcc/arm-none-eabi/13.3.1/thumb/v7e-m+fp/hard/crti.o
LOAD C:/ST/STM32CubeIDE_1.18.1/STM32CubeIDE/plugins/com.st.stm32cube.ide.mcu.externaltools.gnu-tools-for-stm32.13.3.rel1.win32_1.0.0.202411081344/tools/bin/../lib/gcc/arm-none-eabi/13.3.1/thumb/v7e-m+fp/hard/crtbegin.o
LOAD C:/ST/STM32CubeIDE_1.18.1/STM32CubeIDE/plugins/com.st.stm32cube.ide.mcu.externaltools.gnu-tools-for-stm32.13.3.rel1.win32_1.0.0.202411081344/tools/bin/../lib/gcc/arm-none-eabi/13.3.1/../../../../arm-none-eabi/lib/thumb/v7e-m+fp/hard/crt0.o
LOAD ./Core/Src/main.o
LOAD ./Core/Src/stm32f4xx_it.o
LOAD ./Core/Src/syscalls.o
LOAD ./Core/Src/sysmem.o
LOAD ./Core/Src/system_stm32f4xx.o
LOAD ./Core/Startup/startup_stm32f446retx.o
LOAD ./Drivers/STM32F4xx_HAL_Driver/Src/stm32f4xx_ll_dma.o
LOAD ./Drivers/STM32F4xx_HAL_Driver/Src/stm32f4xx_ll_exti.o
LOAD ./Drivers/STM32F4xx_HAL_Driver/Src/stm32f4xx_ll_gpio.o
LOAD ./Drivers/STM32F4xx_HAL_Driver/Src/stm32f4xx_ll_rcc.o
LOAD ./Drivers/STM32F4xx_HAL_Driver/Src/stm32f4xx_ll_usart.o
LOAD ./Drivers/STM32F4xx_HAL_Driver/Src/stm32f4xx_ll_utils.o
START GROUP
LOAD C:/ST/STM32CubeIDE_1.18.1/STM32CubeIDE/plugins/com.st.stm32cube.ide.mcu.externaltools.gnu-tools-for-stm32.13.3.rel1.win32_1.0.0.202411081344/tools/bin/../lib/gcc/arm-none-eabi/13.3.1/../../../../arm-none-eabi/lib/thumb/v7e-m+fp/hard\libc_nano.a
LOAD C:/ST/STM32CubeIDE_1.18.1/STM32CubeIDE/plugins/com.st.stm32cube.ide.mcu.externaltools.gnu-tools-for-stm32.13.3.rel1.win32_1.0.0.202411081344/tools/bin/../lib/gcc/arm-none-eabi/13.3.1/../../../../arm-none-eabi/lib/thumb/v7e-m+fp/hard\libm.a
END GROUP
START GROUP
LOAD C:/ST/STM32CubeIDE_1.18.1/STM32CubeIDE/plugins/com.st.stm32cube.ide.mcu.externaltools.gnu-tools-for-stm32.13.3.rel1.win32_1.0.0.202411081344/tools/bin/../lib/gcc/arm-none-eabi/13.3.1/thumb/v7e-m+fp/hard\libgcc.a
LOAD C:/ST/STM32CubeIDE_1.18.1/STM32CubeIDE/plugins/com.st.stm32cube.ide.mcu.externaltools.gnu-tools-for-stm32.13.3.rel1.win32_1.0.0.202411081344/tools/bin/../lib/gcc/arm-none-eabi/13.3.1/../../../../arm-none-eabi/lib/thumb/v7e-m+fp/hard\libc_nano.a
END GROUP
START GROUP
LOAD C:/ST/STM32CubeIDE_1.18.1/STM32CubeIDE/plugins/com.st.stm32cube.ide.mcu.externaltools.gnu-tools-for-stm32.13.3.rel1.win32_1.0.0.202411081344/tools/bin/../lib/gcc/arm-none-eabi/13.3.1/thumb/v7e-m+fp/hard\libgcc.a
LOAD C:/ST/STM32CubeIDE_1.18.1/STM32CubeIDE/plugins/com.st.stm32cube.ide.mcu.externaltools.gnu-tools-for-stm32.13.3.rel1.win32_1.0.0.202411081344/tools/bin/../lib/gcc/arm-none-eabi/13.3.1/../../../../arm-none-eabi/lib/thumb/v7e-m+fp/hard\libc_nano.a
LOAD C:/ST/STM32CubeIDE_1.18.1/STM32CubeIDE/plugins/com.st.stm32cube.ide.mcu.externaltools.gnu-tools-for-stm32.13.3.rel1.win32_1.0.0.202411081344/tools/bin/../lib/gcc/arm-none-eabi/13.3.1/../../../../arm-none-eabi/lib/thumb/v7e-m+fp/hard\libnosys.a
END GROUP
START GROUP
LOAD C:/ST/STM32CubeIDE_1.18.1/STM32CubeIDE/plugins/com.st.stm32cube.ide.mcu.externaltools.gnu-tools-for-stm32.13.3.rel1.win32_1.0.0.202411081344/tools/bin/../lib/gcc/arm-none-eabi/13.3.1/thumb/v7e-m+fp/hard\libgcc.a
LOAD C:/ST/STM32CubeIDE_1.18.1/STM32CubeIDE/plugins/com.st.stm32cube.ide.mcu.externaltools.gnu-tools-for-stm32.13.3.rel1.win32_1.0.0.202411081344/tools/bin/../lib/gcc/arm-none-eabi/13.3.1/../../../../arm-none-eabi/lib/thumb/v7e-m+fp/hard\libc_nano.a
LOAD C:/ST/STM32CubeIDE_1.18.1/STM32CubeIDE/plugins/com.st.stm32cube.ide.mcu.externaltools.gnu-tools-for-stm32.13.3.rel1.win32_1.0.0.202411081344/tools/bin/../lib/gcc/arm-none-eabi/13.3.1/../../../../arm-none-eabi/lib/thumb/v7e-m+fp/hard\libnosys.a
END GROUP
LOAD C:/ST/STM32CubeIDE_1.18.1/STM32CubeIDE/plugins/com.st.stm32cube.ide.mcu.externaltools.gnu-tools-for-stm32.13.3.rel1.win32_1.0.0.202411081344/tools/bin/../lib/gcc/arm-none-eabi/13.3.1/thumb/v7e-m+fp/hard/crtend.o
LOAD C:/ST/STM32CubeIDE_1.18.1/STM32CubeIDE/plugins/com.st.stm32cube.ide.mcu.externaltools.gnu-tools-for-stm32.13.3.rel1.win32_1.0.0.202411081344/tools/bin/../lib/gcc/arm-none-eabi/13.3.1/thumb/v7e-m+fp/hard/crtn.o
                0x20020000                        _estack = (ORIGIN (RAM) + LENGTH (RAM))
                0x00000200                        _Min_Heap_Size = 0x200
                0x00000400                        _Min_Stack_Size = 0x400

.isr_vector     0x08000000      0x1c4
                0x08000000                        . = ALIGN (0x4)
 *(.isr_vector)
 .isr_vector    0x08000000      0x1c4 ./Core/Startup/startup_stm32f446retx.o
                0x08000000                g_pfnVectors
                0x080001c4                        . = ALIGN (0x4)

.text           0x080001c4     0x1bac
                0x080001c4                        . = ALIGN (0x4)
 *(.text)
 .text          0x080001c4       0x40 C:/ST/STM32CubeIDE_1.18.1/STM32CubeIDE/plugins/com.st.stm32cube.ide.mcu.externaltools.gnu-tools-for-stm32.13.3.rel1.win32_1.0.0.202411081344/tools/bin/../lib/gcc/arm-none-eabi/13.3.1/thumb/v7e-m+fp/hard/crtbegin.o
 .text          0x08000204       0x30 C:/ST/STM32CubeIDE_1.18.1/STM32CubeIDE/plugins/com.st.stm32cube.ide.mcu.externaltools.gnu-tools-for-stm32.13.3.rel1.win32_1.0.0.202411081344/tools/bin/../lib/gcc/arm-none-eabi/13.3.1/thumb/v7e-m+fp/hard\libgcc.a(_aeabi_uldivmod.o)
                0x08000204                __aeabi_uldivmod
 .text          0x08000234      0x2f8 C:/ST/STM32CubeIDE_1.18.1/STM32CubeIDE/plugins/com.st.stm32cube.ide.mcu.externaltools.gnu-tools-for-stm32.13.3.rel1.win32_1.0.0.202411081344/tools/bin/../lib/gcc/arm-none-eabi/13.3.1/thumb/v7e-m+fp/hard\libgcc.a(_udivmoddi4.o)
                0x08000234                __udivmoddi4
 .text          0x0800052c        0x4 C:/ST/STM32CubeIDE_1.18.1/STM32CubeIDE/plugins/com.st.stm32cube.ide.mcu.externaltools.gnu-tools-for-stm32.13.3.rel1.win32_1.0.0.202411081344/tools/bin/../lib/gcc/arm-none-eabi/13.3.1/thumb/v7e-m+fp/hard\libgcc.a(_dvmd_tls.o)
                0x0800052c                __aeabi_idiv0
                0x0800052c                __aeabi_ldiv0
 *(.text*)
 .text.__NVIC_SetPriorityGrouping
                0x08000530       0x48 ./Core/Src/main.o
 .text.LL_RCC_HSI_Enable
                0x08000578       0x20 ./Core/Src/main.o
 .text.LL_RCC_HSI_IsReady
                0x08000598       0x24 ./Core/Src/main.o
 .text.LL_RCC_HSI_SetCalibTrimming
                0x080005bc       0x2c ./Core/Src/main.o
 .text.LL_RCC_SetSysClkSource
                0x080005e8       0x28 ./Core/Src/main.o
 .text.LL_RCC_GetSysClkSource
                0x08000610       0x1c ./Core/Src/main.o
 .text.LL_RCC_SetAHBPrescaler
                0x0800062c       0x28 ./Core/Src/main.o
 .text.LL_RCC_SetAPB1Prescaler
                0x08000654       0x28 ./Core/Src/main.o
 .text.LL_RCC_SetAPB2Prescaler
                0x0800067c       0x28 ./Core/Src/main.o
 .text.LL_RCC_SetTIMPrescaler
                0x080006a4       0x2c ./Core/Src/main.o
 .text.LL_RCC_PLL_Enable
                0x080006d0       0x20 ./Core/Src/main.o
 .text.LL_RCC_PLL_IsReady
                0x080006f0       0x28 ./Core/Src/main.o
 .text.LL_RCC_PLL_ConfigDomain_SYS
                0x08000718       0x5c ./Core/Src/main.o
 .text.LL_AHB1_GRP1_EnableClock
                0x08000774       0x30 ./Core/Src/main.o
 .text.LL_APB1_GRP1_EnableClock
                0x080007a4       0x30 ./Core/Src/main.o
 .text.LL_APB2_GRP1_EnableClock
                0x080007d4       0x30 ./Core/Src/main.o
 .text.LL_SYSCFG_SetEXTISource
                0x08000804       0x6c ./Core/Src/main.o
 .text.LL_FLASH_SetLatency
                0x08000870       0x28 ./Core/Src/main.o
 .text.LL_FLASH_GetLatency
                0x08000898       0x1c ./Core/Src/main.o
 .text.LL_PWR_DisableOverDriveMode
                0x080008b4       0x20 ./Core/Src/main.o
 .text.LL_PWR_SetRegulVoltageScaling
                0x080008d4       0x28 ./Core/Src/main.o
 .text.LL_PWR_IsActiveFlag_VOS
                0x080008fc       0x28 ./Core/Src/main.o
 .text.LL_USART_Enable
                0x08000924       0x20 ./Core/Src/main.o
 .text.LL_USART_ConfigAsyncMode
                0x08000944       0x2c ./Core/Src/main.o
 .text.LL_GPIO_SetPinMode
                0x08000970       0x7a ./Core/Src/main.o
 .text.LL_GPIO_SetPinPull
                0x080009ea       0x7a ./Core/Src/main.o
 .text.LL_GPIO_ResetOutputPin
                0x08000a64       0x1e ./Core/Src/main.o
 .text.LL_GPIO_TogglePin
                0x08000a82       0x32 ./Core/Src/main.o
 .text.main     0x08000ab4       0x4c ./Core/Src/main.o
                0x08000ab4                main
 .text.SystemClock_Config
                0x08000b00       0xa4 ./Core/Src/main.o
                0x08000b00                SystemClock_Config
 .text.MX_USART2_UART_Init
                0x08000ba4       0xa0 ./Core/Src/main.o
 .text.MX_GPIO_Init
                0x08000c44       0xb0 ./Core/Src/main.o
 .text.NMI_Handler
                0x08000cf4        0x8 ./Core/Src/stm32f4xx_it.o
                0x08000cf4                NMI_Handler
 .text.HardFault_Handler
                0x08000cfc        0x8 ./Core/Src/stm32f4xx_it.o
                0x08000cfc                HardFault_Handler
 .text.MemManage_Handler
                0x08000d04        0x8 ./Core/Src/stm32f4xx_it.o
                0x08000d04                MemManage_Handler
 .text.BusFault_Handler
                0x08000d0c        0x8 ./Core/Src/stm32f4xx_it.o
                0x08000d0c                BusFault_Handler
 .text.UsageFault_Handler
                0x08000d14        0x8 ./Core/Src/stm32f4xx_it.o
                0x08000d14                UsageFault_Handler
 .text.SVC_Handler
                0x08000d1c        0xe ./Core/Src/stm32f4xx_it.o
                0x08000d1c                SVC_Handler
 .text.DebugMon_Handler
                0x08000d2a        0xe ./Core/Src/stm32f4xx_it.o
                0x08000d2a                DebugMon_Handler
 .text.PendSV_Handler
                0x08000d38        0xe ./Core/Src/stm32f4xx_it.o
                0x08000d38                PendSV_Handler
 .text.SysTick_Handler
                0x08000d46        0xe ./Core/Src/stm32f4xx_it.o
                0x08000d46                SysTick_Handler
 .text.SystemInit
                0x08000d54       0x24 ./Core/Src/system_stm32f4xx.o
                0x08000d54                SystemInit
 .text.Reset_Handler
                0x08000d78       0x50 ./Core/Startup/startup_stm32f446retx.o
                0x08000d78                Reset_Handler
 .text.Default_Handler
                0x08000dc8        0x2 ./Core/Startup/startup_stm32f446retx.o
                0x08000dc8                RTC_Alarm_IRQHandler
                0x08000dc8                EXTI2_IRQHandler
                0x08000dc8                TIM8_CC_IRQHandler
                0x08000dc8                FMPI2C1_EV_IRQHandler
                0x08000dc8                SPI4_IRQHandler
                0x08000dc8                TIM1_CC_IRQHandler
                0x08000dc8                DMA2_Stream5_IRQHandler
                0x08000dc8                DMA1_Stream5_IRQHandler
                0x08000dc8                PVD_IRQHandler
                0x08000dc8                SDIO_IRQHandler
                0x08000dc8                TAMP_STAMP_IRQHandler
                0x08000dc8                CAN2_RX1_IRQHandler
                0x08000dc8                EXTI3_IRQHandler
                0x08000dc8                TIM8_TRG_COM_TIM14_IRQHandler
                0x08000dc8                TIM1_UP_TIM10_IRQHandler
                0x08000dc8                TIM8_UP_TIM13_IRQHandler
                0x08000dc8                I2C3_ER_IRQHandler
                0x08000dc8                EXTI0_IRQHandler
                0x08000dc8                I2C2_EV_IRQHandler
                0x08000dc8                DMA1_Stream2_IRQHandler
                0x08000dc8                CAN1_RX0_IRQHandler
                0x08000dc8                FPU_IRQHandler
                0x08000dc8                OTG_HS_WKUP_IRQHandler
                0x08000dc8                CAN2_SCE_IRQHandler
                0x08000dc8                DMA2_Stream2_IRQHandler
                0x08000dc8                SPI1_IRQHandler
                0x08000dc8                TIM6_DAC_IRQHandler
                0x08000dc8                TIM1_BRK_TIM9_IRQHandler
                0x08000dc8                DCMI_IRQHandler
                0x08000dc8                CAN2_RX0_IRQHandler
                0x08000dc8                DMA2_Stream3_IRQHandler
                0x08000dc8                SAI2_IRQHandler
                0x08000dc8                USART6_IRQHandler
                0x08000dc8                USART3_IRQHandler
                0x08000dc8                CAN1_RX1_IRQHandler
                0x08000dc8                UART5_IRQHandler
                0x08000dc8                DMA2_Stream0_IRQHandler
                0x08000dc8                TIM4_IRQHandler
                0x08000dc8                QUADSPI_IRQHandler
                0x08000dc8                I2C1_EV_IRQHandler
                0x08000dc8                DMA1_Stream6_IRQHandler
                0x08000dc8                DMA1_Stream1_IRQHandler
                0x08000dc8                UART4_IRQHandler
                0x08000dc8                TIM3_IRQHandler
                0x08000dc8                RCC_IRQHandler
                0x08000dc8                TIM8_BRK_TIM12_IRQHandler
                0x08000dc8                Default_Handler
                0x08000dc8                CEC_IRQHandler
                0x08000dc8                EXTI15_10_IRQHandler
                0x08000dc8                ADC_IRQHandler
                0x08000dc8                DMA1_Stream7_IRQHandler
                0x08000dc8                TIM7_IRQHandler
                0x08000dc8                CAN2_TX_IRQHandler
                0x08000dc8                TIM5_IRQHandler
                0x08000dc8                DMA2_Stream7_IRQHandler
                0x08000dc8                I2C3_EV_IRQHandler
                0x08000dc8                EXTI9_5_IRQHandler
                0x08000dc8                RTC_WKUP_IRQHandler
                0x08000dc8                SPDIF_RX_IRQHandler
                0x08000dc8                SPI2_IRQHandler
                0x08000dc8                OTG_HS_EP1_IN_IRQHandler
                0x08000dc8                DMA1_Stream0_IRQHandler
                0x08000dc8                CAN1_TX_IRQHandler
                0x08000dc8                FMPI2C1_ER_IRQHandler
                0x08000dc8                EXTI4_IRQHandler
                0x08000dc8                OTG_HS_EP1_OUT_IRQHandler
                0x08000dc8                WWDG_IRQHandler
                0x08000dc8                TIM2_IRQHandler
                0x08000dc8                OTG_FS_WKUP_IRQHandler
                0x08000dc8                TIM1_TRG_COM_TIM11_IRQHandler
                0x08000dc8                OTG_HS_IRQHandler
                0x08000dc8                EXTI1_IRQHandler
                0x08000dc8                USART2_IRQHandler
                0x08000dc8                I2C2_ER_IRQHandler
                0x08000dc8                DMA2_Stream1_IRQHandler
                0x08000dc8                CAN1_SCE_IRQHandler
                0x08000dc8                FLASH_IRQHandler
                0x08000dc8                DMA2_Stream4_IRQHandler
                0x08000dc8                USART1_IRQHandler
                0x08000dc8                OTG_FS_IRQHandler
                0x08000dc8                SPI3_IRQHandler
                0x08000dc8                DMA1_Stream4_IRQHandler
                0x08000dc8                I2C1_ER_IRQHandler
                0x08000dc8                FMC_IRQHandler
                0x08000dc8                DMA2_Stream6_IRQHandler
                0x08000dc8                SAI1_IRQHandler
                0x08000dc8                DMA1_Stream3_IRQHandler
 *fill*         0x08000dca        0x2 
 .text.LL_EXTI_EnableIT_0_31
                0x08000dcc       0x24 ./Drivers/STM32F4xx_HAL_Driver/Src/stm32f4xx_ll_exti.o
 .text.LL_EXTI_DisableIT_0_31
                0x08000df0       0x28 ./Drivers/STM32F4xx_HAL_Driver/Src/stm32f4xx_ll_exti.o
 .text.LL_EXTI_EnableEvent_0_31
                0x08000e18       0x24 ./Drivers/STM32F4xx_HAL_Driver/Src/stm32f4xx_ll_exti.o
 .text.LL_EXTI_DisableEvent_0_31
                0x08000e3c       0x28 ./Drivers/STM32F4xx_HAL_Driver/Src/stm32f4xx_ll_exti.o
 .text.LL_EXTI_EnableRisingTrig_0_31
                0x08000e64       0x24 ./Drivers/STM32F4xx_HAL_Driver/Src/stm32f4xx_ll_exti.o
 .text.LL_EXTI_DisableRisingTrig_0_31
                0x08000e88       0x28 ./Drivers/STM32F4xx_HAL_Driver/Src/stm32f4xx_ll_exti.o
 .text.LL_EXTI_EnableFallingTrig_0_31
                0x08000eb0       0x24 ./Drivers/STM32F4xx_HAL_Driver/Src/stm32f4xx_ll_exti.o
 .text.LL_EXTI_DisableFallingTrig_0_31
                0x08000ed4       0x28 ./Drivers/STM32F4xx_HAL_Driver/Src/stm32f4xx_ll_exti.o
 .text.LL_EXTI_Init
                0x08000efc       0xfe ./Drivers/STM32F4xx_HAL_Driver/Src/stm32f4xx_ll_exti.o
                0x08000efc                LL_EXTI_Init
 .text.LL_GPIO_SetPinMode
                0x08000ffa       0x7a ./Drivers/STM32F4xx_HAL_Driver/Src/stm32f4xx_ll_gpio.o
 .text.LL_GPIO_SetPinOutputType
                0x08001074       0x30 ./Drivers/STM32F4xx_HAL_Driver/Src/stm32f4xx_ll_gpio.o
 .text.LL_GPIO_SetPinSpeed
                0x080010a4       0x7a ./Drivers/STM32F4xx_HAL_Driver/Src/stm32f4xx_ll_gpio.o
 .text.LL_GPIO_SetPinPull
                0x0800111e       0x7a ./Drivers/STM32F4xx_HAL_Driver/Src/stm32f4xx_ll_gpio.o
 .text.LL_GPIO_SetAFPin_0_7
                0x08001198       0x7a ./Drivers/STM32F4xx_HAL_Driver/Src/stm32f4xx_ll_gpio.o
 .text.LL_GPIO_SetAFPin_8_15
                0x08001212       0x7e ./Drivers/STM32F4xx_HAL_Driver/Src/stm32f4xx_ll_gpio.o
 .text.LL_GPIO_Init
                0x08001290      0x102 ./Drivers/STM32F4xx_HAL_Driver/Src/stm32f4xx_ll_gpio.o
                0x08001290                LL_GPIO_Init
 *fill*         0x08001392        0x2 
 .text.LL_RCC_GetSysClkSource
                0x08001394       0x1c ./Drivers/STM32F4xx_HAL_Driver/Src/stm32f4xx_ll_rcc.o
 .text.LL_RCC_GetAHBPrescaler
                0x080013b0       0x1c ./Drivers/STM32F4xx_HAL_Driver/Src/stm32f4xx_ll_rcc.o
 .text.LL_RCC_GetAPB1Prescaler
                0x080013cc       0x1c ./Drivers/STM32F4xx_HAL_Driver/Src/stm32f4xx_ll_rcc.o
 .text.LL_RCC_GetAPB2Prescaler
                0x080013e8       0x1c ./Drivers/STM32F4xx_HAL_Driver/Src/stm32f4xx_ll_rcc.o
 .text.LL_RCC_PLL_GetMainSource
                0x08001404       0x1c ./Drivers/STM32F4xx_HAL_Driver/Src/stm32f4xx_ll_rcc.o
 .text.LL_RCC_PLL_GetN
                0x08001420       0x1c ./Drivers/STM32F4xx_HAL_Driver/Src/stm32f4xx_ll_rcc.o
 .text.LL_RCC_PLL_GetP
                0x0800143c       0x1c ./Drivers/STM32F4xx_HAL_Driver/Src/stm32f4xx_ll_rcc.o
 .text.LL_RCC_PLL_GetR
                0x08001458       0x1c ./Drivers/STM32F4xx_HAL_Driver/Src/stm32f4xx_ll_rcc.o
 .text.LL_RCC_PLL_GetDivider
                0x08001474       0x1c ./Drivers/STM32F4xx_HAL_Driver/Src/stm32f4xx_ll_rcc.o
 .text.LL_RCC_GetSystemClocksFreq
                0x08001490       0x4a ./Drivers/STM32F4xx_HAL_Driver/Src/stm32f4xx_ll_rcc.o
                0x08001490                LL_RCC_GetSystemClocksFreq
 *fill*         0x080014da        0x2 
 .text.RCC_GetSystemClockFreq
                0x080014dc       0x88 ./Drivers/STM32F4xx_HAL_Driver/Src/stm32f4xx_ll_rcc.o
                0x080014dc                RCC_GetSystemClockFreq
 .text.RCC_GetHCLKClockFreq
                0x08001564       0x2c ./Drivers/STM32F4xx_HAL_Driver/Src/stm32f4xx_ll_rcc.o
                0x08001564                RCC_GetHCLKClockFreq
 .text.RCC_GetPCLK1ClockFreq
                0x08001590       0x28 ./Drivers/STM32F4xx_HAL_Driver/Src/stm32f4xx_ll_rcc.o
                0x08001590                RCC_GetPCLK1ClockFreq
 .text.RCC_GetPCLK2ClockFreq
                0x080015b8       0x28 ./Drivers/STM32F4xx_HAL_Driver/Src/stm32f4xx_ll_rcc.o
                0x080015b8                RCC_GetPCLK2ClockFreq
 .text.RCC_PLL_GetFreqDomain_SYS
                0x080015e0       0xa4 ./Drivers/STM32F4xx_HAL_Driver/Src/stm32f4xx_ll_rcc.o
                0x080015e0                RCC_PLL_GetFreqDomain_SYS
 .text.LL_USART_IsEnabled
                0x08001684       0x28 ./Drivers/STM32F4xx_HAL_Driver/Src/stm32f4xx_ll_usart.o
 .text.LL_USART_SetStopBitsLength
                0x080016ac       0x26 ./Drivers/STM32F4xx_HAL_Driver/Src/stm32f4xx_ll_usart.o
 .text.LL_USART_SetHWFlowCtrl
                0x080016d2       0x26 ./Drivers/STM32F4xx_HAL_Driver/Src/stm32f4xx_ll_usart.o
 .text.LL_USART_SetBaudRate
                0x080016f8      0x45c ./Drivers/STM32F4xx_HAL_Driver/Src/stm32f4xx_ll_usart.o
 .text.LL_USART_Init
                0x08001b54      0x100 ./Drivers/STM32F4xx_HAL_Driver/Src/stm32f4xx_ll_usart.o
                0x08001b54                LL_USART_Init
 .text.LL_InitTick
                0x08001c54       0x34 ./Drivers/STM32F4xx_HAL_Driver/Src/stm32f4xx_ll_utils.o
 .text.LL_Init1msTick
                0x08001c88       0x1a ./Drivers/STM32F4xx_HAL_Driver/Src/stm32f4xx_ll_utils.o
                0x08001c88                LL_Init1msTick
 *fill*         0x08001ca2        0x2 
 .text.LL_mDelay
                0x08001ca4       0x4c ./Drivers/STM32F4xx_HAL_Driver/Src/stm32f4xx_ll_utils.o
                0x08001ca4                LL_mDelay
 .text.LL_SetSystemCoreClock
                0x08001cf0       0x20 ./Drivers/STM32F4xx_HAL_Driver/Src/stm32f4xx_ll_utils.o
                0x08001cf0                LL_SetSystemCoreClock
 .text.__libc_init_array
                0x08001d10       0x48 C:/ST/STM32CubeIDE_1.18.1/STM32CubeIDE/plugins/com.st.stm32cube.ide.mcu.externaltools.gnu-tools-for-stm32.13.3.rel1.win32_1.0.0.202411081344/tools/bin/../lib/gcc/arm-none-eabi/13.3.1/../../../../arm-none-eabi/lib/thumb/v7e-m+fp/hard\libc_nano.a(libc_a-init.o)
                0x08001d10                __libc_init_array
 *(.glue_7)
 .glue_7        0x08001d58        0x0 linker stubs
 *(.glue_7t)
 .glue_7t       0x08001d58        0x0 linker stubs
 *(.eh_frame)
 .eh_frame      0x08001d58        0x0 C:/ST/STM32CubeIDE_1.18.1/STM32CubeIDE/plugins/com.st.stm32cube.ide.mcu.externaltools.gnu-tools-for-stm32.13.3.rel1.win32_1.0.0.202411081344/tools/bin/../lib/gcc/arm-none-eabi/13.3.1/thumb/v7e-m+fp/hard/crtbegin.o
 *(.init)
 .init          0x08001d58        0x4 C:/ST/STM32CubeIDE_1.18.1/STM32CubeIDE/plugins/com.st.stm32cube.ide.mcu.externaltools.gnu-tools-for-stm32.13.3.rel1.win32_1.0.0.202411081344/tools/bin/../lib/gcc/arm-none-eabi/13.3.1/thumb/v7e-m+fp/hard/crti.o
                0x08001d58                _init
 .init          0x08001d5c        0x8 C:/ST/STM32CubeIDE_1.18.1/STM32CubeIDE/plugins/com.st.stm32cube.ide.mcu.externaltools.gnu-tools-for-stm32.13.3.rel1.win32_1.0.0.202411081344/tools/bin/../lib/gcc/arm-none-eabi/13.3.1/thumb/v7e-m+fp/hard/crtn.o
 *(.fini)
 .fini          0x08001d64        0x4 C:/ST/STM32CubeIDE_1.18.1/STM32CubeIDE/plugins/com.st.stm32cube.ide.mcu.externaltools.gnu-tools-for-stm32.13.3.rel1.win32_1.0.0.202411081344/tools/bin/../lib/gcc/arm-none-eabi/13.3.1/thumb/v7e-m+fp/hard/crti.o
                0x08001d64                _fini
 .fini          0x08001d68        0x8 C:/ST/STM32CubeIDE_1.18.1/STM32CubeIDE/plugins/com.st.stm32cube.ide.mcu.externaltools.gnu-tools-for-stm32.13.3.rel1.win32_1.0.0.202411081344/tools/bin/../lib/gcc/arm-none-eabi/13.3.1/thumb/v7e-m+fp/hard/crtn.o
                0x08001d70                        . = ALIGN (0x4)
                0x08001d70                        _etext = .

.vfp11_veneer   0x08001d70        0x0
 .vfp11_veneer  0x08001d70        0x0 linker stubs

.v4_bx          0x08001d70        0x0
 .v4_bx         0x08001d70        0x0 linker stubs

.iplt           0x08001d70        0x0
 .iplt          0x08001d70        0x0 C:/ST/STM32CubeIDE_1.18.1/STM32CubeIDE/plugins/com.st.stm32cube.ide.mcu.externaltools.gnu-tools-for-stm32.13.3.rel1.win32_1.0.0.202411081344/tools/bin/../lib/gcc/arm-none-eabi/13.3.1/thumb/v7e-m+fp/hard/crtbegin.o

.rodata         0x08001d70       0x18
                0x08001d70                        . = ALIGN (0x4)
 *(.rodata)
 *(.rodata*)
 .rodata.AHBPrescTable
                0x08001d70       0x10 ./Core/Src/system_stm32f4xx.o
                0x08001d70                AHBPrescTable
 .rodata.APBPrescTable
                0x08001d80        0x8 ./Core/Src/system_stm32f4xx.o
                0x08001d80                APBPrescTable
                0x08001d88                        . = ALIGN (0x4)

.ARM.extab      0x08001d88        0x0
                0x08001d88                        . = ALIGN (0x4)
 *(.ARM.extab* .gnu.linkonce.armextab.*)
                0x08001d88                        . = ALIGN (0x4)

.ARM            0x08001d88        0x8
                0x08001d88                        . = ALIGN (0x4)
                0x08001d88                        __exidx_start = .
 *(.ARM.exidx*)
 .ARM.exidx     0x08001d88        0x8 C:/ST/STM32CubeIDE_1.18.1/STM32CubeIDE/plugins/com.st.stm32cube.ide.mcu.externaltools.gnu-tools-for-stm32.13.3.rel1.win32_1.0.0.202411081344/tools/bin/../lib/gcc/arm-none-eabi/13.3.1/thumb/v7e-m+fp/hard\libgcc.a(_udivmoddi4.o)
                0x08001d90                        __exidx_end = .
                0x08001d90                        . = ALIGN (0x4)

.preinit_array  0x08001d90        0x0
                0x08001d90                        . = ALIGN (0x4)
                0x08001d90                        PROVIDE (__preinit_array_start = .)
 *(.preinit_array*)
                0x08001d90                        PROVIDE (__preinit_array_end = .)
                0x08001d90                        . = ALIGN (0x4)

.init_array     0x08001d90        0x4
                0x08001d90                        . = ALIGN (0x4)
                0x08001d90                        PROVIDE (__init_array_start = .)
 *(SORT_BY_NAME(.init_array.*))
 *(.init_array*)
 .init_array    0x08001d90        0x4 C:/ST/STM32CubeIDE_1.18.1/STM32CubeIDE/plugins/com.st.stm32cube.ide.mcu.externaltools.gnu-tools-for-stm32.13.3.rel1.win32_1.0.0.202411081344/tools/bin/../lib/gcc/arm-none-eabi/13.3.1/thumb/v7e-m+fp/hard/crtbegin.o
                0x08001d94                        PROVIDE (__init_array_end = .)
                0x08001d94                        . = ALIGN (0x4)

.fini_array     0x08001d94        0x4
                0x08001d94                        . = ALIGN (0x4)
                [!provide]                        PROVIDE (__fini_array_start = .)
 *(SORT_BY_NAME(.fini_array.*))
 *(.fini_array*)
 .fini_array    0x08001d94        0x4 C:/ST/STM32CubeIDE_1.18.1/STM32CubeIDE/plugins/com.st.stm32cube.ide.mcu.externaltools.gnu-tools-for-stm32.13.3.rel1.win32_1.0.0.202411081344/tools/bin/../lib/gcc/arm-none-eabi/13.3.1/thumb/v7e-m+fp/hard/crtbegin.o
                [!provide]                        PROVIDE (__fini_array_end = .)
                0x08001d98                        . = ALIGN (0x4)
                0x08001d98                        _sidata = LOADADDR (.data)

.rel.dyn        0x08001d98        0x0
 .rel.iplt      0x08001d98        0x0 C:/ST/STM32CubeIDE_1.18.1/STM32CubeIDE/plugins/com.st.stm32cube.ide.mcu.externaltools.gnu-tools-for-stm32.13.3.rel1.win32_1.0.0.202411081344/tools/bin/../lib/gcc/arm-none-eabi/13.3.1/thumb/v7e-m+fp/hard/crtbegin.o

.data           0x20000000        0x4 load address 0x08001d98
                0x20000000                        . = ALIGN (0x4)
                0x20000000                        _sdata = .
 *(.data)
 *(.data*)
 .data.SystemCoreClock
                0x20000000        0x4 ./Core/Src/system_stm32f4xx.o
                0x20000000                SystemCoreClock
 *(.RamFunc)
 *(.RamFunc*)
                0x20000004                        . = ALIGN (0x4)
                0x20000004                        _edata = .

.igot.plt       0x20000004        0x0 load address 0x08001d9c
 .igot.plt      0x20000004        0x0 C:/ST/STM32CubeIDE_1.18.1/STM32CubeIDE/plugins/com.st.stm32cube.ide.mcu.externaltools.gnu-tools-for-stm32.13.3.rel1.win32_1.0.0.202411081344/tools/bin/../lib/gcc/arm-none-eabi/13.3.1/thumb/v7e-m+fp/hard/crtbegin.o
                0x20000004                        . = ALIGN (0x4)

.bss            0x20000004       0x20 load address 0x08001d9c
                0x20000004                        _sbss = .
                0x20000004                        __bss_start__ = _sbss
 *(.bss)
 .bss           0x20000004       0x1c C:/ST/STM32CubeIDE_1.18.1/STM32CubeIDE/plugins/com.st.stm32cube.ide.mcu.externaltools.gnu-tools-for-stm32.13.3.rel1.win32_1.0.0.202411081344/tools/bin/../lib/gcc/arm-none-eabi/13.3.1/thumb/v7e-m+fp/hard/crtbegin.o
 *(.bss*)
 .bss.num       0x20000020        0x4 ./Core/Src/main.o
                0x20000020                num
 *(COMMON)
                0x20000024                        . = ALIGN (0x4)
                0x20000024                        _ebss = .
                0x20000024                        __bss_end__ = _ebss

._user_heap_stack
                0x20000024      0x604 load address 0x08001d9c
                0x20000028                        . = ALIGN (0x8)
 *fill*         0x20000024        0x4 
                [!provide]                        PROVIDE (end = .)
                0x20000028                        PROVIDE (_end = .)
                0x20000228                        . = (. + _Min_Heap_Size)
 *fill*         0x20000028      0x200 
                0x20000628                        . = (. + _Min_Stack_Size)
 *fill*         0x20000228      0x400 
                0x20000628                        . = ALIGN (0x8)

/DISCARD/
 libc.a(*)
 libm.a(*)
 libgcc.a(*)

.ARM.attributes
                0x00000000       0x30
 *(.ARM.attributes)
 .ARM.attributes
                0x00000000       0x22 C:/ST/STM32CubeIDE_1.18.1/STM32CubeIDE/plugins/com.st.stm32cube.ide.mcu.externaltools.gnu-tools-for-stm32.13.3.rel1.win32_1.0.0.202411081344/tools/bin/../lib/gcc/arm-none-eabi/13.3.1/thumb/v7e-m+fp/hard/crti.o
 .ARM.attributes
                0x00000022       0x34 C:/ST/STM32CubeIDE_1.18.1/STM32CubeIDE/plugins/com.st.stm32cube.ide.mcu.externaltools.gnu-tools-for-stm32.13.3.rel1.win32_1.0.0.202411081344/tools/bin/../lib/gcc/arm-none-eabi/13.3.1/thumb/v7e-m+fp/hard/crtbegin.o
 .ARM.attributes
                0x00000056       0x34 ./Core/Src/main.o
 .ARM.attributes
                0x0000008a       0x34 ./Core/Src/stm32f4xx_it.o
 .ARM.attributes
                0x000000be       0x34 ./Core/Src/system_stm32f4xx.o
 .ARM.attributes
                0x000000f2       0x21 ./Core/Startup/startup_stm32f446retx.o
 .ARM.attributes
                0x00000113       0x34 ./Drivers/STM32F4xx_HAL_Driver/Src/stm32f4xx_ll_exti.o
 .ARM.attributes
                0x00000147       0x34 ./Drivers/STM32F4xx_HAL_Driver/Src/stm32f4xx_ll_gpio.o
 .ARM.attributes
                0x0000017b       0x34 ./Drivers/STM32F4xx_HAL_Driver/Src/stm32f4xx_ll_rcc.o
 .ARM.attributes
                0x000001af       0x34 ./Drivers/STM32F4xx_HAL_Driver/Src/stm32f4xx_ll_usart.o
 .ARM.attributes
                0x000001e3       0x34 ./Drivers/STM32F4xx_HAL_Driver/Src/stm32f4xx_ll_utils.o
 .ARM.attributes
                0x00000217       0x34 C:/ST/STM32CubeIDE_1.18.1/STM32CubeIDE/plugins/com.st.stm32cube.ide.mcu.externaltools.gnu-tools-for-stm32.13.3.rel1.win32_1.0.0.202411081344/tools/bin/../lib/gcc/arm-none-eabi/13.3.1/../../../../arm-none-eabi/lib/thumb/v7e-m+fp/hard\libc_nano.a(libc_a-init.o)
 .ARM.attributes
                0x0000024b       0x22 C:/ST/STM32CubeIDE_1.18.1/STM32CubeIDE/plugins/com.st.stm32cube.ide.mcu.externaltools.gnu-tools-for-stm32.13.3.rel1.win32_1.0.0.202411081344/tools/bin/../lib/gcc/arm-none-eabi/13.3.1/thumb/v7e-m+fp/hard\libgcc.a(_aeabi_uldivmod.o)
 .ARM.attributes
                0x0000026d       0x34 C:/ST/STM32CubeIDE_1.18.1/STM32CubeIDE/plugins/com.st.stm32cube.ide.mcu.externaltools.gnu-tools-for-stm32.13.3.rel1.win32_1.0.0.202411081344/tools/bin/../lib/gcc/arm-none-eabi/13.3.1/thumb/v7e-m+fp/hard\libgcc.a(_udivmoddi4.o)
 .ARM.attributes
                0x000002a1       0x22 C:/ST/STM32CubeIDE_1.18.1/STM32CubeIDE/plugins/com.st.stm32cube.ide.mcu.externaltools.gnu-tools-for-stm32.13.3.rel1.win32_1.0.0.202411081344/tools/bin/../lib/gcc/arm-none-eabi/13.3.1/thumb/v7e-m+fp/hard\libgcc.a(_dvmd_tls.o)
 .ARM.attributes
                0x000002c3       0x22 C:/ST/STM32CubeIDE_1.18.1/STM32CubeIDE/plugins/com.st.stm32cube.ide.mcu.externaltools.gnu-tools-for-stm32.13.3.rel1.win32_1.0.0.202411081344/tools/bin/../lib/gcc/arm-none-eabi/13.3.1/thumb/v7e-m+fp/hard/crtn.o
OUTPUT(1.LED.elf elf32-littlearm)
LOAD linker stubs
LOAD C:/ST/STM32CubeIDE_1.18.1/STM32CubeIDE/plugins/com.st.stm32cube.ide.mcu.externaltools.gnu-tools-for-stm32.13.3.rel1.win32_1.0.0.202411081344/tools/bin/../lib/gcc/arm-none-eabi/13.3.1/../../../../arm-none-eabi/lib/thumb/v7e-m+fp/hard\libc.a
LOAD C:/ST/STM32CubeIDE_1.18.1/STM32CubeIDE/plugins/com.st.stm32cube.ide.mcu.externaltools.gnu-tools-for-stm32.13.3.rel1.win32_1.0.0.202411081344/tools/bin/../lib/gcc/arm-none-eabi/13.3.1/../../../../arm-none-eabi/lib/thumb/v7e-m+fp/hard\libm.a
LOAD C:/ST/STM32CubeIDE_1.18.1/STM32CubeIDE/plugins/com.st.stm32cube.ide.mcu.externaltools.gnu-tools-for-stm32.13.3.rel1.win32_1.0.0.202411081344/tools/bin/../lib/gcc/arm-none-eabi/13.3.1/thumb/v7e-m+fp/hard\libgcc.a

.debug_info     0x00000000     0x3f4f
 .debug_info    0x00000000      0xfe7 ./Core/Src/main.o
 .debug_info    0x00000fe7      0x145 ./Core/Src/stm32f4xx_it.o
 .debug_info    0x0000112c      0x543 ./Core/Src/system_stm32f4xx.o
 .debug_info    0x0000166f       0x30 ./Core/Startup/startup_stm32f446retx.o
 .debug_info    0x0000169f      0x330 ./Drivers/STM32F4xx_HAL_Driver/Src/stm32f4xx_ll_exti.o
 .debug_info    0x000019cf      0x950 ./Drivers/STM32F4xx_HAL_Driver/Src/stm32f4xx_ll_gpio.o
 .debug_info    0x0000231f      0xbd2 ./Drivers/STM32F4xx_HAL_Driver/Src/stm32f4xx_ll_rcc.o
 .debug_info    0x00002ef1      0x71b ./Drivers/STM32F4xx_HAL_Driver/Src/stm32f4xx_ll_usart.o
 .debug_info    0x0000360c      0x943 ./Drivers/STM32F4xx_HAL_Driver/Src/stm32f4xx_ll_utils.o

.debug_abbrev   0x00000000      0xe71
 .debug_abbrev  0x00000000      0x2ee ./Core/Src/main.o
 .debug_abbrev  0x000002ee       0x80 ./Core/Src/stm32f4xx_it.o
 .debug_abbrev  0x0000036e      0x11a ./Core/Src/system_stm32f4xx.o
 .debug_abbrev  0x00000488       0x24 ./Core/Startup/startup_stm32f446retx.o
 .debug_abbrev  0x000004ac      0x18a ./Drivers/STM32F4xx_HAL_Driver/Src/stm32f4xx_ll_exti.o
 .debug_abbrev  0x00000636      0x237 ./Drivers/STM32F4xx_HAL_Driver/Src/stm32f4xx_ll_gpio.o
 .debug_abbrev  0x0000086d      0x1ef ./Drivers/STM32F4xx_HAL_Driver/Src/stm32f4xx_ll_rcc.o
 .debug_abbrev  0x00000a5c      0x1f2 ./Drivers/STM32F4xx_HAL_Driver/Src/stm32f4xx_ll_usart.o
 .debug_abbrev  0x00000c4e      0x223 ./Drivers/STM32F4xx_HAL_Driver/Src/stm32f4xx_ll_utils.o

.debug_aranges  0x00000000      0x638
 .debug_aranges
                0x00000000      0x120 ./Core/Src/main.o
 .debug_aranges
                0x00000120       0x60 ./Core/Src/stm32f4xx_it.o
 .debug_aranges
                0x00000180       0x28 ./Core/Src/system_stm32f4xx.o
 .debug_aranges
                0x000001a8       0x28 ./Core/Startup/startup_stm32f446retx.o
 .debug_aranges
                0x000001d0       0x70 ./Drivers/STM32F4xx_HAL_Driver/Src/stm32f4xx_ll_exti.o
 .debug_aranges
                0x00000240       0x70 ./Drivers/STM32F4xx_HAL_Driver/Src/stm32f4xx_ll_gpio.o
 .debug_aranges
                0x000002b0      0x200 ./Drivers/STM32F4xx_HAL_Driver/Src/stm32f4xx_ll_rcc.o
 .debug_aranges
                0x000004b0       0x88 ./Drivers/STM32F4xx_HAL_Driver/Src/stm32f4xx_ll_usart.o
 .debug_aranges
                0x00000538      0x100 ./Drivers/STM32F4xx_HAL_Driver/Src/stm32f4xx_ll_utils.o

.debug_rnglists
                0x00000000      0x48f
 .debug_rnglists
                0x00000000       0xd6 ./Core/Src/main.o
 .debug_rnglists
                0x000000d6       0x43 ./Core/Src/stm32f4xx_it.o
 .debug_rnglists
                0x00000119       0x1a ./Core/Src/system_stm32f4xx.o
 .debug_rnglists
                0x00000133       0x19 ./Core/Startup/startup_stm32f446retx.o
 .debug_rnglists
                0x0000014c       0x50 ./Drivers/STM32F4xx_HAL_Driver/Src/stm32f4xx_ll_exti.o
 .debug_rnglists
                0x0000019c       0x51 ./Drivers/STM32F4xx_HAL_Driver/Src/stm32f4xx_ll_gpio.o
 .debug_rnglists
                0x000001ed      0x180 ./Drivers/STM32F4xx_HAL_Driver/Src/stm32f4xx_ll_rcc.o
 .debug_rnglists
                0x0000036d       0x64 ./Drivers/STM32F4xx_HAL_Driver/Src/stm32f4xx_ll_usart.o
 .debug_rnglists
                0x000003d1       0xbe ./Drivers/STM32F4xx_HAL_Driver/Src/stm32f4xx_ll_utils.o

.debug_macro    0x00000000    0x1bf7a
 .debug_macro   0x00000000      0x13d ./Core/Src/main.o
 .debug_macro   0x0000013d      0xb1a ./Core/Src/main.o
 .debug_macro   0x00000c57       0x2e ./Core/Src/main.o
 .debug_macro   0x00000c85       0x28 ./Core/Src/main.o
 .debug_macro   0x00000cad       0x22 ./Core/Src/main.o
 .debug_macro   0x00000ccf       0x8e ./Core/Src/main.o
 .debug_macro   0x00000d5d       0x51 ./Core/Src/main.o
 .debug_macro   0x00000dae      0x103 ./Core/Src/main.o
 .debug_macro   0x00000eb1       0x6a ./Core/Src/main.o
 .debug_macro   0x00000f1b      0x1df ./Core/Src/main.o
 .debug_macro   0x000010fa       0x1c ./Core/Src/main.o
 .debug_macro   0x00001116       0x22 ./Core/Src/main.o
 .debug_macro   0x00001138       0xfb ./Core/Src/main.o
 .debug_macro   0x00001233     0x1011 ./Core/Src/main.o
 .debug_macro   0x00002244      0x11f ./Core/Src/main.o
 .debug_macro   0x00002363    0x1675e ./Core/Src/main.o
 .debug_macro   0x00018ac1       0x6d ./Core/Src/main.o
 .debug_macro   0x00018b2e      0xd63 ./Core/Src/main.o
 .debug_macro   0x00019891      0x1db ./Core/Src/main.o
 .debug_macro   0x00019a6c      0x21c ./Core/Src/main.o
 .debug_macro   0x00019c88       0xe8 ./Core/Src/main.o
 .debug_macro   0x00019d70      0x1a6 ./Core/Src/main.o
 .debug_macro   0x00019f16       0x61 ./Core/Src/main.o
 .debug_macro   0x00019f77       0xd5 ./Core/Src/main.o
 .debug_macro   0x0001a04c      0x1e6 ./Core/Src/main.o
 .debug_macro   0x0001a232      0x1bb ./Core/Src/main.o
 .debug_macro   0x0001a3ed      0x149 ./Core/Src/main.o
 .debug_macro   0x0001a536       0x76 ./Core/Src/main.o
 .debug_macro   0x0001a5ac      0x147 ./Core/Src/stm32f4xx_it.o
 .debug_macro   0x0001a6f3       0xce ./Core/Src/system_stm32f4xx.o
 .debug_macro   0x0001a7c1       0xf5 ./Drivers/STM32F4xx_HAL_Driver/Src/stm32f4xx_ll_exti.o
 .debug_macro   0x0001a8b6       0xe2 ./Drivers/STM32F4xx_HAL_Driver/Src/stm32f4xx_ll_exti.o
 .debug_macro   0x0001a998      0x110 ./Drivers/STM32F4xx_HAL_Driver/Src/stm32f4xx_ll_gpio.o
 .debug_macro   0x0001aaa8      0x143 ./Drivers/STM32F4xx_HAL_Driver/Src/stm32f4xx_ll_gpio.o
 .debug_macro   0x0001abeb      0x10d ./Drivers/STM32F4xx_HAL_Driver/Src/stm32f4xx_ll_rcc.o
 .debug_macro   0x0001acf8      0x13d ./Drivers/STM32F4xx_HAL_Driver/Src/stm32f4xx_ll_usart.o
 .debug_macro   0x0001ae35      0x1b5 ./Drivers/STM32F4xx_HAL_Driver/Src/stm32f4xx_ll_usart.o
 .debug_macro   0x0001afea      0xd69 ./Drivers/STM32F4xx_HAL_Driver/Src/stm32f4xx_ll_usart.o
 .debug_macro   0x0001bd53      0x1cc ./Drivers/STM32F4xx_HAL_Driver/Src/stm32f4xx_ll_utils.o
 .debug_macro   0x0001bf1f       0x5b ./Drivers/STM32F4xx_HAL_Driver/Src/stm32f4xx_ll_utils.o

.debug_line     0x00000000     0x4a12
 .debug_line    0x00000000      0xb3d ./Core/Src/main.o
 .debug_line    0x00000b3d      0x6b2 ./Core/Src/stm32f4xx_it.o
 .debug_line    0x000011ef      0x566 ./Core/Src/system_stm32f4xx.o
 .debug_line    0x00001755       0x7a ./Core/Startup/startup_stm32f446retx.o
 .debug_line    0x000017cf      0x68d ./Drivers/STM32F4xx_HAL_Driver/Src/stm32f4xx_ll_exti.o
 .debug_line    0x00001e5c      0x8dc ./Drivers/STM32F4xx_HAL_Driver/Src/stm32f4xx_ll_gpio.o
 .debug_line    0x00002738     0x10b1 ./Drivers/STM32F4xx_HAL_Driver/Src/stm32f4xx_ll_rcc.o
 .debug_line    0x000037e9      0x789 ./Drivers/STM32F4xx_HAL_Driver/Src/stm32f4xx_ll_usart.o
 .debug_line    0x00003f72      0xaa0 ./Drivers/STM32F4xx_HAL_Driver/Src/stm32f4xx_ll_utils.o

.debug_str      0x00000000    0x9ea64
 .debug_str     0x00000000    0x9ea64 ./Core/Src/main.o
                              0x9b80c (size before relaxing)
 .debug_str     0x0009ea64    0x9b16e ./Core/Src/stm32f4xx_it.o
 .debug_str     0x0009ea64    0x8b439 ./Core/Src/system_stm32f4xx.o
 .debug_str     0x0009ea64       0x5e ./Core/Startup/startup_stm32f446retx.o
 .debug_str     0x0009ea64    0x8baba ./Drivers/STM32F4xx_HAL_Driver/Src/stm32f4xx_ll_exti.o
 .debug_str     0x0009ea64    0x8ce3d ./Drivers/STM32F4xx_HAL_Driver/Src/stm32f4xx_ll_gpio.o
 .debug_str     0x0009ea64    0x95946 ./Drivers/STM32F4xx_HAL_Driver/Src/stm32f4xx_ll_rcc.o
 .debug_str     0x0009ea64    0x972dd ./Drivers/STM32F4xx_HAL_Driver/Src/stm32f4xx_ll_usart.o
 .debug_str     0x0009ea64    0x98042 ./Drivers/STM32F4xx_HAL_Driver/Src/stm32f4xx_ll_utils.o

.comment        0x00000000       0x43
 .comment       0x00000000       0x43 ./Core/Src/main.o
                                 0x44 (size before relaxing)
 .comment       0x00000043       0x44 ./Core/Src/stm32f4xx_it.o
 .comment       0x00000043       0x44 ./Core/Src/system_stm32f4xx.o
 .comment       0x00000043       0x44 ./Drivers/STM32F4xx_HAL_Driver/Src/stm32f4xx_ll_exti.o
 .comment       0x00000043       0x44 ./Drivers/STM32F4xx_HAL_Driver/Src/stm32f4xx_ll_gpio.o
 .comment       0x00000043       0x44 ./Drivers/STM32F4xx_HAL_Driver/Src/stm32f4xx_ll_rcc.o
 .comment       0x00000043       0x44 ./Drivers/STM32F4xx_HAL_Driver/Src/stm32f4xx_ll_usart.o
 .comment       0x00000043       0x44 ./Drivers/STM32F4xx_HAL_Driver/Src/stm32f4xx_ll_utils.o

.debug_frame    0x00000000     0x1904
 .debug_frame   0x00000000      0x4c8 ./Core/Src/main.o
 .debug_frame   0x000004c8      0x108 ./Core/Src/stm32f4xx_it.o
 .debug_frame   0x000005d0       0x58 ./Core/Src/system_stm32f4xx.o
 .debug_frame   0x00000628      0x1bc ./Drivers/STM32F4xx_HAL_Driver/Src/stm32f4xx_ll_exti.o
 .debug_frame   0x000007e4      0x1c0 ./Drivers/STM32F4xx_HAL_Driver/Src/stm32f4xx_ll_gpio.o
 .debug_frame   0x000009a4      0x87c ./Drivers/STM32F4xx_HAL_Driver/Src/stm32f4xx_ll_rcc.o
 .debug_frame   0x00001220      0x240 ./Drivers/STM32F4xx_HAL_Driver/Src/stm32f4xx_ll_usart.o
 .debug_frame   0x00001460      0x418 ./Drivers/STM32F4xx_HAL_Driver/Src/stm32f4xx_ll_utils.o
 .debug_frame   0x00001878       0x2c C:/ST/STM32CubeIDE_1.18.1/STM32CubeIDE/plugins/com.st.stm32cube.ide.mcu.externaltools.gnu-tools-for-stm32.13.3.rel1.win32_1.0.0.202411081344/tools/bin/../lib/gcc/arm-none-eabi/13.3.1/../../../../arm-none-eabi/lib/thumb/v7e-m+fp/hard\libc_nano.a(libc_a-init.o)
 .debug_frame   0x000018a4       0x2c C:/ST/STM32CubeIDE_1.18.1/STM32CubeIDE/plugins/com.st.stm32cube.ide.mcu.externaltools.gnu-tools-for-stm32.13.3.rel1.win32_1.0.0.202411081344/tools/bin/../lib/gcc/arm-none-eabi/13.3.1/thumb/v7e-m+fp/hard\libgcc.a(_aeabi_uldivmod.o)
 .debug_frame   0x000018d0       0x34 C:/ST/STM32CubeIDE_1.18.1/STM32CubeIDE/plugins/com.st.stm32cube.ide.mcu.externaltools.gnu-tools-for-stm32.13.3.rel1.win32_1.0.0.202411081344/tools/bin/../lib/gcc/arm-none-eabi/13.3.1/thumb/v7e-m+fp/hard\libgcc.a(_udivmoddi4.o)

.debug_line_str
                0x00000000       0x42
 .debug_line_str
                0x00000000       0x42 ./Core/Startup/startup_stm32f446retx.o
